// Jest Snapshot v1, https://goo.gl/fbAQLP

exports[`Should WithAudio render correctly 1`] = `
<div>
  <audio />
</div>
`;
